******************************************************************************
                  TI ARM Linker Unix v16.9.3                   
******************************************************************************
>> Linked Wed Jun 21 09:57:01 2017

OUTPUT FILE NAME:   <Lab1.out>
ENTRY POINT SYMBOL: "_c_int00"  address: 0000067d


MEMORY CONFIGURATION

         name            origin    length      used     unused   attr    fill
----------------------  --------  ---------  --------  --------  ----  --------
  FLASH                 00000000   00100000  000008ce  000ff732  R  X
  SRAM                  20000000   00040000  00000218  0003fde8  RW X


SEGMENT ALLOCATION MAP

run origin  load origin   length   init length attrs members
----------  ----------- ---------- ----------- ----- -------
00000000    00000000    000008d4   000008d4    r-x
  00000000    00000000    00000208   00000208    r-- .intvecs
  00000208    00000208    000006a2   000006a2    r-x .text
  000008b0    000008b0    00000024   00000024    r-- .cinit
20000000    20000000    00000218   00000000    rw-
  20000000    20000000    00000200   00000000    rw- .stack
  20000200    20000200    00000018   00000000    rw- .data


SECTION ALLOCATION MAP

 output                                  attributes/
section   page    origin      length       input sections
--------  ----  ----------  ----------   ----------------
.intvecs   0    00000000    00000208     
                  00000000    00000208     tm4c1294ncpdt_startup_ccs.obj (.intvecs)

.text      0    00000208    000006a2     
                  00000208    000001cc     main.obj (.text)
                  000003d4    00000132     driverlib.lib : gpio.obj (.text:GPIOPadConfigSet)
                  00000506    0000009c     rtsv7M4_T_le_v4SPD16_eabi.lib : memcpy_t2.obj (.text)
                  000005a2    00000002                                   : mpu_init.obj (.text)
                  000005a4    00000070                                   : autoinit.obj (.text)
                  00000614    00000068                                   : copy_decompress_lzss.obj (.text:decompress:lzss)
                  0000067c    00000054                                   : boot.obj (.text)
                  000006d0    00000054                                   : exit.obj (.text)
                  00000724    0000004c                                   : cpy_tbl.obj (.text)
                  00000770    00000038     driverlib.lib : sysctl.obj (.text:SysCtlPeripheralReady)
                  000007a8    00000034                   : sysctl.obj (.text:SysCtlPeripheralEnable)
                  000007dc    00000034     fib.obj (.text)
                  00000810    0000002a     driverlib.lib : gpio.obj (.text:GPIODirModeSet)
                  0000083a    00000018                   : gpio.obj (.text:GPIOPinTypeGPIOOutput)
                  00000852    00000002     rtsv7M4_T_le_v4SPD16_eabi.lib : startup.obj (.text)
                  00000854    00000018                                   : args_main.obj (.text)
                  0000086c    00000014                                   : _lock.obj (.text)
                  00000880    0000000e                                   : copy_decompress_none.obj (.text:decompress:none)
                  0000088e    0000000c     tm4c1294ncpdt_startup_ccs.obj (.text)
                  0000089a    00000006     driverlib.lib : gpio.obj (.text:GPIOPinWrite)
                  000008a0    00000006                   : sysctl.obj (.text:SysCtlDelay)
                  000008a6    00000004     rtsv7M4_T_le_v4SPD16_eabi.lib : pre_init.obj (.text)

.cinit     0    000008b0    00000024     
                  000008b0    00000011     (.cinit..data.load) [load image, compression = lzss]
                  000008c1    00000003     --HOLE-- [fill = 0]
                  000008c4    00000008     (__TI_handler_table)
                  000008cc    00000008     (__TI_cinit_table)

.init_array 
*          0    00000000    00000000     UNINITIALIZED

.data      0    20000200    00000018     UNINITIALIZED
                  20000200    0000000c     rtsv7M4_T_le_v4SPD16_eabi.lib : exit.obj (.data:$O1$$)
                  2000020c    00000008                                   : _lock.obj (.data:$O1$$)
                  20000214    00000004                                   : stkdepth_vars.obj (.data)

.stack     0    20000000    00000200     UNINITIALIZED
                  20000000    00000200     --HOLE--

MODULE SUMMARY

       Module                          code   ro data   rw data
       ------                          ----   -------   -------
    ./
       tm4c1294ncpdt_startup_ccs.obj   12     520       0      
       main.obj                        460    0         0      
       fib.obj                         52     0         0      
    +--+-------------------------------+------+---------+---------+
       Total:                          524    520       0      
                                                               
    /Applications/ti/TivaWare_C_Series-2.1.3.156/driverlib/ccs/Debug/driverlib.lib
       gpio.obj                        378    0         0      
       sysctl.obj                      114    0         0      
    +--+-------------------------------+------+---------+---------+
       Total:                          492    0         0      
                                                               
    /Applications/ti/ccsv7/tools/compiler/ti-cgt-arm_16.9.3.LTS/lib/rtsv7M4_T_le_v4SPD16_eabi.lib
       memcpy_t2.obj                   156    0         0      
       autoinit.obj                    112    0         0      
       copy_decompress_lzss.obj        104    0         0      
       exit.obj                        84     0         12     
       boot.obj                        84     0         0      
       cpy_tbl.obj                     76     0         0      
       _lock.obj                       20     0         8      
       args_main.obj                   24     0         0      
       copy_decompress_none.obj        14     0         0      
       pre_init.obj                    4      0         0      
       stkdepth_vars.obj               0      0         4      
       mpu_init.obj                    2      0         0      
       startup.obj                     2      0         0      
    +--+-------------------------------+------+---------+---------+
       Total:                          682    0         24     
                                                               
       Stack:                          0      0         512    
       Linker Generated:               0      33        0      
    +--+-------------------------------+------+---------+---------+
       Grand Total:                    1698   553       536    


LINKER GENERATED COPY TABLES

__TI_cinit_table @ 000008cc records: 1, size/record: 8, table size: 8
	.data: load addr=000008b0, load size=00000011 bytes, run addr=20000200, run size=00000018 bytes, compression=lzss


LINKER GENERATED HANDLER TABLE

__TI_handler_table @ 000008c4 records: 2, size/record: 4, table size: 8
	index: 0, handler: __TI_decompress_lzss
	index: 1, handler: __TI_decompress_none


GLOBAL SYMBOLS: SORTED ALPHABETICALLY BY Name 

address   name                           
-------   ----                           
000006d1  C$$EXIT                        
00000811  GPIODirModeSet                 
000003d5  GPIOPadConfigSet               
0000083b  GPIOPinTypeGPIOOutput          
0000089b  GPIOPinWrite                   
0000088f  ResetISR                       
UNDEFED   SHT$$INIT_ARRAY$$Base          
UNDEFED   SHT$$INIT_ARRAY$$Limit         
000008a1  SysCtlDelay                    
000007a9  SysCtlPeripheralEnable         
00000771  SysCtlPeripheralReady          
20000200  __STACK_END                    
00000200  __STACK_SIZE                   
20000200  __STACK_TOP                    
000008cc  __TI_CINIT_Base                
000008d4  __TI_CINIT_Limit               
000008c4  __TI_Handler_Table_Base        
000008cc  __TI_Handler_Table_Limit       
000005a5  __TI_auto_init                 
20000200  __TI_cleanup_ptr               
00000615  __TI_decompress_lzss           
00000881  __TI_decompress_none           
20000204  __TI_dtors_ptr                 
20000208  __TI_enable_exit_profile_output
ffffffff  __TI_pprof_out_hndl            
ffffffff  __TI_prof_data_size            
ffffffff  __TI_prof_data_start           
00000000  __TI_static_base__             
00000507  __aeabi_memcpy                 
00000507  __aeabi_memcpy4                
00000507  __aeabi_memcpy8                
ffffffff  __binit__                      
ffffffff  __c_args__                     
000005a3  __mpu_init                     
20000000  __stack                        
00000855  _args_main                     
0000067d  _c_int00                       
2000020c  _lock                          
0000087b  _nop                           
00000873  _register_lock                 
0000086d  _register_unlock               
00000853  _system_post_cinit             
000008a7  _system_pre_init               
20000210  _unlock                        
000006d5  abort                          
ffffffff  binit                          
000002a1  blink                          
00000223  blinkAll                       
00000725  copy_in                        
000006dd  exit                           
000007dd  fib                            
00000000  g_pfnVectors                   
00000209  main                           
20000214  main_func_sp                   
00000507  memcpy                         
0000034f  num2Morse                      


GLOBAL SYMBOLS: SORTED BY Symbol Address 

address   name                           
-------   ----                           
00000000  __TI_static_base__             
00000000  g_pfnVectors                   
00000200  __STACK_SIZE                   
00000209  main                           
00000223  blinkAll                       
000002a1  blink                          
0000034f  num2Morse                      
000003d5  GPIOPadConfigSet               
00000507  __aeabi_memcpy                 
00000507  __aeabi_memcpy4                
00000507  __aeabi_memcpy8                
00000507  memcpy                         
000005a3  __mpu_init                     
000005a5  __TI_auto_init                 
00000615  __TI_decompress_lzss           
0000067d  _c_int00                       
000006d1  C$$EXIT                        
000006d5  abort                          
000006dd  exit                           
00000725  copy_in                        
00000771  SysCtlPeripheralReady          
000007a9  SysCtlPeripheralEnable         
000007dd  fib                            
00000811  GPIODirModeSet                 
0000083b  GPIOPinTypeGPIOOutput          
00000853  _system_post_cinit             
00000855  _args_main                     
0000086d  _register_unlock               
00000873  _register_lock                 
0000087b  _nop                           
00000881  __TI_decompress_none           
0000088f  ResetISR                       
0000089b  GPIOPinWrite                   
000008a1  SysCtlDelay                    
000008a7  _system_pre_init               
000008c4  __TI_Handler_Table_Base        
000008cc  __TI_CINIT_Base                
000008cc  __TI_Handler_Table_Limit       
000008d4  __TI_CINIT_Limit               
20000000  __stack                        
20000200  __STACK_END                    
20000200  __STACK_TOP                    
20000200  __TI_cleanup_ptr               
20000204  __TI_dtors_ptr                 
20000208  __TI_enable_exit_profile_output
2000020c  _lock                          
20000210  _unlock                        
20000214  main_func_sp                   
ffffffff  __TI_pprof_out_hndl            
ffffffff  __TI_prof_data_size            
ffffffff  __TI_prof_data_start           
ffffffff  __binit__                      
ffffffff  __c_args__                     
ffffffff  binit                          
UNDEFED   SHT$$INIT_ARRAY$$Base          
UNDEFED   SHT$$INIT_ARRAY$$Limit         

[56 symbols]
